R: C:/Program Files/R/R-4.5.0/bin/x64/Rscript.exe
Script: references\test_pesos_1960.R
PROCESSOR_ARCHITECTURE: AMD64
[1] "Portuguese_Brazil.utf8"
  Newton: 6 iteracoes; desvio maximo 0; fator g: min 0.5 mediana 1 max 1.5
  Newton: 6 iteracoes; desvio maximo 8.68e-14; fator g: min 0.5 mediana 1 max 1.5
  Newton: 1 iteracoes; desvio maximo 0; fator g: min 1 mediana 1 max 1
Calibrating household weights to the definitive results (Serie Nacional) and to the 1965 preliminary results
  1965: 6 celulas (quadro 1: 4; quadro 2: 2)
  Newton: 1 iteracoes; desvio maximo 5.41e-16; fator g: min 1 mediana 1 max 1
  definitivos: 4 celulas (b 2, d 2); razao publicado / soma pela base definitiva fora de [0,5; 2]: =
  Newton: 1 iteracoes; desvio maximo 0; fator g: min 1 mediana 1 max 1
  fator mediano do peso final por UF: 24=1
Calibrating household weights to the definitive results (Serie Nacional) and to the 1965 preliminary results
Calibrating household weights to the definitive results (Serie Nacional) and to the 1965 preliminary results
Calibrating household weights to the definitive results (Serie Nacional) and to the 1965 preliminary results
Calibrating household weights to the definitive results (Serie Nacional) and to the 1965 preliminary results
Calibrating household weights to the definitive results (Serie Nacional) and to the 1965 preliminary results
  1965: 6 celulas (quadro 1: 4; quadro 2: 2)
  Newton: 1 iteracoes; desvio maximo 5.41e-16; fator g: min 1 mediana 1 max 1
  definitivos: 4 celulas (b 2, d 2); razao publicado / soma pela base definitiva fora de [0,5; 2]: =
  Newton: 1 iteracoes; desvio maximo 5.41e-16; fator g: min 1 mediana 1 max 1
  fator mediano do peso final por UF: 0=1
Weighting 1960 amostra de 25%: fn
  unidade pequena: margem de idade trocada pelo total por sexo
  calibrando 4 celulas em 4 domicilios
  Newton: 1 iteracoes; desvio maximo 0; fator g: min 1 mediana 1 max 1
  peso IBGE urbana: razao 4, inteiros 4/5, residuo 0
  1 estratos | peso de 4 a 4 (mediana 4) | ancora municipal colapsada em 4 domicilios
Destino sintetico: tmp/execucao_1960_20260922\pesos_sinteticos_938c1de55b7d/pesos/fn; caminhos: tmp/execucao_1960_20260922\pesos_sinteticos_938c1de55b7d/pesos/fn/domicilios_pesos.parquet, tmp/execucao_1960_20260922\pesos_sinteticos_938c1de55b7d/pesos/fn/pessoas_pesos.parquet
Weighting 1960 amostra de 25%: fn
Weighting 1960 amostra de 25%: fn
Weighting 1960 amostra de 25%: fn
Weighting 1960 amostra de 25%: fn
Weighting 1960 amostra de 25%: fn
Compiling 1960: fn
  4 domicilios, 4 pessoas, 1 estratos
I/O sintetico de pesos conferido em tmp/execucao_1960_20260922\pesos_sinteticos_938c1de55b7d
There were 26 warnings (use warnings() to see them)
Testes sinteticos de pesos passaram; nenhuma base real foi recalibrada.

Exit code: 0 hex: 0x0
