R: C:/Program Files/R/R-4.5.0/bin/x64/Rscript.exe
Script: tmp\correcao_scripts_r_1960_20260923\pesos_com_avisos.R
PROCESSOR_ARCHITECTURE: AMD64
  Newton: 6 iteracoes; desvio maximo 0; fator g: min 0.5 mediana 1 max 1.5
  Newton: 6 iteracoes; desvio maximo 8.68e-14; fator g: min 0.5 mediana 1 max 1.5
  Newton: 1 iteracoes; desvio maximo 0; fator g: min 1 mediana 1 max 1
Calibrating household weights to the definitive results (Serie Nacional) and to the 1965 preliminary results
  1965: 6 celulas (quadro 1: 4; quadro 2: 2)
  Newton: 1 iteracoes; desvio maximo 5.41e-16; fator g: min 1 mediana 1 max 1
  definitivos: 4 celulas (b 2, d 2); razao publicado / soma pela base definitiva fora de [0,5; 2]: =
  Newton: 1 iteracoes; desvio maximo 0; fator g: min 1 mediana 1 max 1
  fator mediano do peso final por UF: 24=1
Calibrating household weights to the definitive results (Serie Nacional) and to the 1965 preliminary results
Calibrating household weights to the definitive results (Serie Nacional) and to the 1965 preliminary results
Calibrating household weights to the definitive results (Serie Nacional) and to the 1965 preliminary results
Calibrating household weights to the definitive results (Serie Nacional) and to the 1965 preliminary results
Calibrating household weights to the definitive results (Serie Nacional) and to the 1965 preliminary results
  1965: 6 celulas (quadro 1: 4; quadro 2: 2)
  Newton: 1 iteracoes; desvio maximo 5.41e-16; fator g: min 1 mediana 1 max 1
  definitivos: 4 celulas (b 2, d 2); razao publicado / soma pela base definitiva fora de [0,5; 2]: =
  Newton: 1 iteracoes; desvio maximo 5.41e-16; fator g: min 1 mediana 1 max 1
  fator mediano do peso final por UF: 0=1
Weighting 1960 amostra de 25%: fn
  unidade pequena: margem de idade trocada pelo total por sexo
  calibrando 4 celulas em 4 domicilios
  Newton: 1 iteracoes; desvio maximo 0; fator g: min 1 mediana 1 max 1
  peso IBGE urbana: razao 4, inteiros 4/5, residuo 0
  1 estratos | peso de 4 a 4 (mediana 4) | ancora municipal colapsada em 4 domicilios
Destino sintetico: tmp/execucao_1960_20260922\pesos_sinteticos_6488246f1b2f/pesos/fn; caminhos: tmp/execucao_1960_20260922\pesos_sinteticos_6488246f1b2f/pesos/fn/domicilios_pesos.parquet, tmp/execucao_1960_20260922\pesos_sinteticos_6488246f1b2f/pesos/fn/pessoas_pesos.parquet
Weighting 1960 amostra de 25%: fn
Weighting 1960 amostra de 25%: fn
Weighting 1960 amostra de 25%: fn
Weighting 1960 amostra de 25%: fn
Weighting 1960 amostra de 25%: fn
Compiling 1960: fn
Warning in data.table::set(tabelas[[i]], j = col, value = as(NA, TIPOS_1960_FALTANTES[[col]])) :
  Coercing 'character' RHS to 'integer' to match the type of column 68 named 'censobr_cartao_recuperado_id'.
Warning in data.table::set(tabelas[[i]], j = col, value = as(NA, TIPOS_1960_FALTANTES[[col]])) :
  Coercing 'character' RHS to 'integer' to match the type of column 69 named 'censobr_cartao_fonte'.
Warning in data.table::set(tabelas[[i]], j = col, value = as(NA, TIPOS_1960_FALTANTES[[col]])) :
  Coercing 'character' RHS to 'integer' to match the type of column 70 named 'censobr_cartao_arquivo'.
Warning in data.table::set(tabelas[[i]], j = col, value = as(NA, TIPOS_1960_FALTANTES[[col]])) :
  Coercing 'character' RHS to 'integer' to match the type of column 72 named 'censobr_cartao_pasta_fonte25'.
Warning in data.table::set(tabelas[[i]], j = col, value = as(NA, TIPOS_1960_FALTANTES[[col]])) :
  Coercing 'character' RHS to 'integer' to match the type of column 73 named 'censobr_cartao_boletim_fonte25'.
Warning in data.table::set(tabelas[[i]], j = col, value = as(NA, TIPOS_1960_FALTANTES[[col]])) :
  Coercing 'character' RHS to 'integer' to match the type of column 75 named 'censobr_cartao_criterio_identificacao'.
Warning in data.table::set(tabelas[[i]], j = col, value = as(NA, TIPOS_1960_FALTANTES[[col]])) :
  Coercing 'character' RHS to 'integer' to match the type of column 76 named 'censobr_cartao_sha256'.
Warning in data.table::set(tabelas[[i]], j = col, value = as(NA, TIPOS_1960_FALTANTES[[col]])) :
  Coercing 'character' RHS to 'integer' to match the type of column 77 named 'censobr_cartao_unidade'.
Warning in data.table::set(tabelas[[i]], j = col, value = as(NA, TIPOS_1960_FALTANTES[[col]])) :
  Coercing 'character' RHS to 'integer' to match the type of column 78 named 'censobr_distrito_original'.
Warning in data.table::set(tabelas[[i]], j = col, value = as(NA, TIPOS_1960_FALTANTES[[col]])) :
  Coercing 'character' RHS to 'integer' to match the type of column 79 named 'censobr_distrito_fonte25'.
Warning in data.table::set(tabelas[[i]], j = col, value = as(NA, TIPOS_1960_FALTANTES[[col]])) :
  Coercing 'character' RHS to 'integer' to match the type of column 81 named 'censobr_distrito_prova'.
Warning in data.table::set(tabelas[[i]], j = col, value = as(NA, TIPOS_1960_FALTANTES[[col]])) :
  Coercing 'character' RHS to 'integer' to match the type of column 82 named 'censobr_distrito_prova_sha256'.
Warning in data.table::set(tabelas[[i]], j = col, value = as(NA, TIPOS_1960_FALTANTES[[col]])) :
  Coercing 'character' RHS to 'integer' to match the type of column 95 named 'censobr_cartao_recuperado_id'.
Warning in data.table::set(tabelas[[i]], j = col, value = as(NA, TIPOS_1960_FALTANTES[[col]])) :
  Coercing 'character' RHS to 'integer' to match the type of column 96 named 'censobr_cartao_fonte'.
Warning in data.table::set(tabelas[[i]], j = col, value = as(NA, TIPOS_1960_FALTANTES[[col]])) :
  Coercing 'character' RHS to 'integer' to match the type of column 97 named 'censobr_cartao_arquivo'.
Warning in data.table::set(tabelas[[i]], j = col, value = as(NA, TIPOS_1960_FALTANTES[[col]])) :
  Coercing 'character' RHS to 'integer' to match the type of column 99 named 'censobr_cartao_pasta_fonte25'.
Warning in data.table::set(tabelas[[i]], j = col, value = as(NA, TIPOS_1960_FALTANTES[[col]])) :
  Coercing 'character' RHS to 'integer' to match the type of column 100 named 'censobr_cartao_boletim_fonte25'.
Warning in data.table::set(tabelas[[i]], j = col, value = as(NA, TIPOS_1960_FALTANTES[[col]])) :
  Coercing 'character' RHS to 'integer' to match the type of column 102 named 'censobr_cartao_criterio_identificacao'.
Warning in data.table::set(tabelas[[i]], j = col, value = as(NA, TIPOS_1960_FALTANTES[[col]])) :
  Coercing 'character' RHS to 'integer' to match the type of column 103 named 'censobr_cartao_sha256'.
Warning in data.table::set(tabelas[[i]], j = col, value = as(NA, TIPOS_1960_FALTANTES[[col]])) :
  Coercing 'character' RHS to 'integer' to match the type of column 104 named 'censobr_cartao_unidade'.
Warning in data.table::set(tabelas[[i]], j = col, value = as(NA, TIPOS_1960_FALTANTES[[col]])) :
  Coercing 'character' RHS to 'integer' to match the type of column 105 named 'censobr_distrito_original'.
Warning in data.table::set(tabelas[[i]], j = col, value = as(NA, TIPOS_1960_FALTANTES[[col]])) :
  Coercing 'character' RHS to 'integer' to match the type of column 106 named 'censobr_distrito_fonte25'.
Warning in data.table::set(tabelas[[i]], j = col, value = as(NA, TIPOS_1960_FALTANTES[[col]])) :
  Coercing 'character' RHS to 'integer' to match the type of column 108 named 'censobr_distrito_prova'.
Warning in data.table::set(tabelas[[i]], j = col, value = as(NA, TIPOS_1960_FALTANTES[[col]])) :
  Coercing 'character' RHS to 'integer' to match the type of column 109 named 'censobr_distrito_prova_sha256'.
Warning in prettyNum(.Internal(format(x, trim, digits, nsmall, width, 3L,  :
  'big.mark' and 'decimal.mark' are both '.', which could be confusing
Warning in prettyNum(.Internal(format(x, trim, digits, nsmall, width, 3L,  :
  'big.mark' and 'decimal.mark' are both '.', which could be confusing
  4 domicilios, 4 pessoas, 1 estratos
I/O sintetico de pesos conferido em tmp/execucao_1960_20260922\pesos_sinteticos_6488246f1b2f
Testes sinteticos de pesos passaram; nenhuma base real foi recalibrada.

Exit code: 0 hex: 0x0
